---
source: crates/commitscape-tui/tests/render.rs
assertion_line: 56
expression: "panel('6')"
---
" commitscape   acme   58 commits · 4 people · since 31 Jul 2023                    window  30d  90d  1y  all  "
" 1 Overview   2 Activity   3 People   4 Map   5 Hotspots   6 Coupling   7 Ownership   8 Age   9 GitHub        "
"───────────────────────────────────────────────────────────━━━━━━━━━━─────────────────────────────────────────"
" Files that keep changing in the same commits. 75% means three of every four commits that touched either file "
" touched both.                                                                                                "
" Two files in one folder changing together is expected. ▲ Across folders, it often means one depends on the   "
" other without saying so.                                                                                     "
"╭ Change coupling ──────────────────────── files with 5 or more commits in 90 days · enter for their commits ╮"
"│▌ 1              handlers.ts  ⇄  client.ts                ██████████▌     75%  6 of 8 commits changed both  │"
"│▌                   src/api/     web/src/                 ▲ across folders                                  │"
"│  2                  core.rs  ⇄  parser.rs                ██████▎         44%  15 of 34 commits changed both│"
"│                 src/engine/     src/engine/              same folder                                       │"
"│                                                                                                            │"
"│                                                                                                            │"
"│                                                                                                            │"
"│                                                                                                            │"
"│                                                                                                            │"
"│                                                                                                            │"
"│                                                                                                            │"
"│                                                                                                            │"
"│                                                                                                            │"
"│                                                                                                            │"
"│                                                                                                            │"
"│                                                                                                            │"
"╰────────────────────────────────────────────────────────────────────────────────────────────────────────────╯"
" ↑↓ move  enter open  ←→ panels  w window  / find  ? help  q quit                                             "
