---
source: crates/commitscape-tui/tests/render.rs
assertion_line: 90
expression: screen(&mut app)
---
" commitscape  acme · 90d: 2025-04-02 to 2025-07-01 · 47 commits; 1 merge and 1 bulk commit not counted        "
" 1 Overview │ 2 Hotspots │ 3 Coupling │ 4 Ownership │ 5 Staleness │ 6 Code Age │ 7 People                     "
"┌ Files people wrote, last touched under a month ago ──────────────────────────────────────────────── 1 of 3 ┐"
"│      Days  Last touched  File                                                                              │"
"│›       20    2025-06-10  web/src/client.ts                                                                 │"
"│        11    2025-06-19  src/api/handlers.ts                                                               │"
"│         8    2025-06-22  docs/guide.md                                                                     │"
"│                                                                                                            │"
"│                                                                                                            │"
"│                                                                                                            │"
"│                                                                                                            │"
"│                                                                                                            │"
"│                                                                                                            │"
"│                                                                                                            │"
"│                                                                                                            │"
"│                                                                                                            │"
"│                                                                                                            │"
"│                                                                                                            │"
"│                                                                                                            │"
"│                                                                                                            │"
"│                                                                                                            │"
"│                                                                                                            │"
"│                                                                                                            │"
"│                                                                                                            │"
"└────────────────────────────────────────────────────────────────────────────────────────────────────────────┘"
" ↑↓ move  enter open  esc back  q quit                                           w window  30d [90d] 1y  all  "
