---
source: crates/commitscape-tui/tests/render.rs
expression: screen(&mut app)
---
" commitscape   acme   58 commits · 4 people · since 31 Jul 2023                    window  30d  90d  1y  all  "
" 1 Overview   2 Activity   3 People   4 Map   5 Risk                                                          "
"─━━━━━━━━━━───────────────────────────────────────────────────────────────────────────────────────────────────"
"╭ Who holds src/engine/ ─────────────────────────────────────────────────────────────────────────────────────╮"
"│ 37 commits in 1 year touched files people wrote in src/engine/.                                            │"
"│ Bus factor 1: the fewest people who together made more than 80% of them.                                   │"
"│                                                                                                            │"
"│ ████████████████████████████████████████████████████████████████████████████████████████████████████████   │"
"│                                                                                                            │"
"│ person                   email                           commits  share  running                           │"
"│ ● Alice Example          alice@example.com                    30    81%      81%   past 80%                │"
"│ ● Carol Coder            carol@example.com                     4    11%      92%                           │"
"│ ● alice                  alice@home.example.net                3     8%     100%                           │"
"│                                                                                                            │"
"│                                                                                                            │"
"│                                                                                                            │"
"│                                                                                                            │"
"│                                                                                                            │"
"│                                                                                                            │"
"│                                                                                                            │"
"│                                                                                                            │"
"│                                                                                                            │"
"│                                                                                                            │"
"│                                                                                                            │"
"╰────────────────────────────────────────────────────────────────────────────────────────────────────────────╯"
" ↑↓ move  enter open  esc back  ←→ panels  w window  ? help  q quit                                           "
