---
source: crates/commitscape-tui/tests/render.rs
assertion_line: 27
expression: screen(&mut app)
---
" commitscape  acme · 90d: 2025-04-02 to 2025-07-01 · 47 commits; 1 merge and 1 bulk commit not counted        "
" 1 Overview │ 2 Hotspots │ 3 Coupling │ 4 Ownership │ 5 Staleness │ 6 Code Age │ 7 People                     "
"┌ Hotspots: code both changed often and deeply nested ─────────────────────────────────────────────── 1 of 4 ┐"
"│    #   Score   Churn        Complexity        File                                                         │"
"│›    1   1.00      34  p100         630  p100  src/engine/core.rs                                           │"
"│     2   0.62      15  p75          240  p83   src/engine/parser.rs                                         │"
"│     3   0.33       7  p50          120  p66   src/api/handlers.ts                                          │"
"│     4   0.17       7  p50           42  p33   web/src/client.ts                                            │"
"│                                                                                                            │"
"│                                                                                                            │"
"│                                                                                                            │"
"│                                                                                                            │"
"│                                                                                                            │"
"│                                                                                                            │"
"│                                                                                                            │"
"│                                                                                                            │"
"│                                                                                                            │"
"│                                                                                                            │"
"│                                                                                                            │"
"│                                                                                                            │"
"│                                                                                                            │"
"│                                                                                                            │"
"│                                                                                                            │"
"│                                                                                                            │"
"└────────────────────────────────────────────────────────────────────────────────────────────────────────────┘"
" ↑↓ move  enter open  ←→ panel  q quit                                           w window  30d [90d] 1y  all  "
