---
source: crates/commitscape-tui/tests/render.rs
expression: screen(&mut app)
---
" commitscape   acme   58 commits · 4 people · since 31 Jul 2023                    window  30d  90d  1y  all  "
" 1 Overview   2 Activity   3 People   4 Map   5 Risk                                                          "
"──────────────━━━━━━━━━━──────────────────────────────────────────────────────────────────────────────────────"
"╭ Commits over time, by person ───────────────────────────────────────────── 46 on 46 active days in 90 days ╮"
"│each bar is a day, the tallest 1 commit   ● Alice Example  ● Bob Builder  ● Carol Coder                     │"
"│ █  █  █ ██  █  █ ██  █  █  ██ █  █  █ ██  ██ █ ██ ██ ██ ██  █ ███ █ ██  ██ ████ ██  █  █                   │"
"│ █  █  █ ██  █  █ ██  █  █  ██ █  █  █ ██  ██ █ ██ ██ ██ ██  █ ███ █ ██  ██ ████ ██  █  █                   │"
"│ █  █  █ ██  █  █ ██  █  █  ██ █  █  █ ██  ██ █ ██ ██ ██ ██  █ ███ █ ██  ██ ████ ██  █  █                   │"
"│Apr 2025                     May                            Jun                           Jul               │"
"╰────────────────────────────────────────────────────────────────────────────────────────────────────────────╯"
"╭ Calendar ──────────────────── each square is a day ╮╭ Hours of the week ─────────── on each author's clock ╮"
"│    Apr       May     Jun                           ││    00          06          12          18            │"
"│Mon   ■ ■ ■ ■ ■ ■ ■ ■ ■ ■ ■ ■ ■                     ││Mon ■ ■ ■ ■ ■ ■ ■ ■ ■ ■ ■ ■ ■ ■ ■ ■ ■ ■ ■ ■ ■ ■ ■ ■   │"
"│      ■ ■ ■ ■ ■ ■ ■ ■ ■ ■ ■ ■ ■                     ││Tue ■ ■ ■ ■ ■ ■ ■ ■ ■ ■ ■ ■ ■ ■ ■ ■ ■ ■ ■ ■ ■ ■ ■ ■   │"
"│Wed ■ ■ ■ ■ ■ ■ ■ ■ ■ ■ ■ ■ ■                       ││Wed ■ ■ ■ ■ ■ ■ ■ ■ ■ ■ ■ ■ ■ ■ ■ ■ ■ ■ ■ ■ ■ ■ ■ ■   │"
"│    ■ ■ ■ ■ ■ ■ ■ ■ ■ ■ ■ ■ ■                       ││Thu ■ ■ ■ ■ ■ ■ ■ ■ ■ ■ ■ ■ ■ ■ ■ ■ ■ ■ ■ ■ ■ ■ ■ ■   │"
"│Fri ■ ■ ■ ■ ■ ■ ■ ■ ■ ■ ■ ■ ■                       ││Fri ■ ■ ■ ■ ■ ■ ■ ■ ■ ■ ■ ■ ■ ■ ■ ■ ■ ■ ■ ■ ■ ■ ■ ■   │"
"│    ■ ■ ■ ■ ■ ■ ■ ■ ■ ■ ■ ■ ■                       ││Sat ■ ■ ■ ■ ■ ■ ■ ■ ■ ■ ■ ■ ■ ■ ■ ■ ■ ■ ■ ■ ■ ■ ■ ■   │"
"│Sun ■ ■ ■ ■ ■ ■ ■ ■ ■ ■ ■ ■ ■                       ││Sun ■ ■ ■ ■ ■ ■ ■ ■ ■ ■ ■ ■ ■ ■ ■ ■ ■ ■ ■ ■ ■ ■ ■ ■   │"
"╰─────────────────────────────── less ■ ■ ■ ■ ■ more ╯╰ busiest Sundays around 10:00 ─── less ■ ■ ■ ■ ■ more ╯"
"╭ What kind of work ──────────────────────────────────╮╭ Rhythm and GitHub ──────────────────────────────────╮"
"│ features      ███████████████████████████    21  46%││ pull requests     3 merged of the latest 4, half wi…│"
"│ fixes         █████████████████████▉         17  37%││ issues            7 open, 93 closed                 │"
"│ and refactors 4, docs 3, style 1                    ││ at night          0%  22:00 to 05:00                │"
"╰─────────────────────────────────────────────────────╯╰─────────────────────────────────────────────────────╯"
" ↑↓ move  ←→ panels  w window  ? help  q quit                                                                 "
