---
source: crates/commitscape-tui/tests/render.rs
assertion_line: 55
expression: screen(&mut app)
---
" commitscape  acme · 90d: 2025-04-02 to 2025-07-01 · 47 commits; 1 merge and 1 bulk commit not counted        "
" 1 Overview │ 2 Hotspots │ 3 Coupling │ 4 Ownership │ 5 Staleness │ 6 Code Age │ 7 People                     "
"┌ Code age: lines at HEAD by the quarter their file first appeared ────────────────────────────────── 1 of 3 ┐"
"│  Quarter      Lines  Files                                                                                 │"
"│› 2023-Q3        390      3  ████████████████████████████████████████                                       │"
"│  2024-Q1         30      1  ███                                                                            │"
"│  2024-Q2        122      2  █████████████                                                                  │"
"│                                                                                                            │"
"│                                                                                                            │"
"│                                                                                                            │"
"│                                                                                                            │"
"│                                                                                                            │"
"│                                                                                                            │"
"│                                                                                                            │"
"│                                                                                                            │"
"│                                                                                                            │"
"│                                                                                                            │"
"│                                                                                                            │"
"│                                                                                                            │"
"│                                                                                                            │"
"│                                                                                                            │"
"│                                                                                                            │"
"│                                                                                                            │"
"│                                                                                                            │"
"└ A file's lines all count toward the quarter it was created in ─────────────────────────────────────────────┘"
" ↑↓ move  enter open  ←→ panel  q quit                                           w window  30d [90d] 1y  all  "
