---
source: crates/commitscape-tui/tests/render.rs
assertion_line: 66
expression: "panel('8')"
---
" commitscape   acme   58 commits · 4 people · since 31 Jul 2023                    window  30d  90d  1y  all  "
" 1 Overview   2 Activity   3 People   4 Map   5 Hotspots   6 Coupling   7 Ownership   8 Age   9 GitHub        "
"──────────────────────────────────────────────────────────────────────────────────────━━━━━───────────────────"
"╭ Last touched ───────────── enter for the files ╮╭ When the code was written ───────────────────────────────╮"
"│ 7 files people wrote, by their last commit     ││lines by the quarter their file appeared · tallest 390    │"
"│▌under a week    ████████████           2  29%  ││█████                                                     │"
"│ under a month   ██████████████████     3  43%  ││█████                                                     │"
"│ under 3 months                         0   0%  ││█████                                                     │"
"│ under a year    ██████                 1  14%  ││█████             ▅▅▅▅▅                                   │"
"│ a year or more  ██████                 1  14%  ││█████       ▄▄▄▄▄ █████                                   │"
"│                                                ││2023        2024                    2025                  │"
"╰────────────────────────────────────────────────╯╰──────────────────────────────────────────────────────────╯"
"╭ Untouched the longest ─────────────────────────────────────────────────────────────────────────────────────╮"
"│ old.rs                src/legacy/           ████████████████████ 1 year and 7 months, since 8 Nov 2023     │"
"│ strings.rs            src/util/             ███████              7 months, since 2 Dec 2024                │"
"│ client.ts             web/src/              ▊                    20 days, since 10 Jun 2025                │"
"│ handlers.ts           src/api/              ▍                    11 days, since 19 Jun 2025                │"
"│ guide.md              docs/                 ▍                    8 days, since 22 Jun 2025                 │"
"│ parser.rs             src/engine/           ▎                    4 days, since 26 Jun 2025                 │"
"│ core.rs               src/engine/           ▏                    1 day, since 29 Jun 2025                  │"
"│                                                                                                            │"
"│                                                                                                            │"
"│                                                                                                            │"
"│                                                                                                            │"
"╰────────────────────────────────────────────────────────────────────────────────────────────────────────────╯"
" ↑↓ move  enter open  ←→ panels  w window  ? help  q quit                                                     "
