---
source: crates/commitscape-tui/tests/render.rs
assertion_line: 119
expression: screen(&mut app)
---
" commitscape   acme   58 commits · 4 people · since 31 Jul 2023                    window  30d  90d  1y  all  "
" 1 Overview   2 Activity   3 People   4 Map   5 Hotspots   6 Coupling   7 Ownership   8 Age   9 GitHub        "
"──────────────────────────────────────────────────────────────────────────────────────━━━━━───────────────────"
" guide.md   docs/                                                                                             "
"                                                                                                              "
"╭──────────────────────────╮╭─────────────────────────╮╭──────────────────────────╮╭─────────────────────────╮"
"│3                         ││0                        ││3                         ││8 days                   │"
"│lines                     ││nesting                  ││changes                   ││since last touched       │"
"│26 B                      ││0.0 levels a line        ││in 90 days                ││first seen 31 Jul 2023   │"
"╰──────────────────────────╯╰─────────────────────────╯╰──────────────────────────╯╰─────────────────────────╯"
" Who changed it in 90 days                                   ╭ Its commits in 90 days ───────────────────────╮"
" ● Carol Coder                ████████████████     3 100%    │ 2025-06-22  000000360  Carol Coder            │"
"                                                             │ 2025-06-18  000000330  Carol Coder            │"
"                                                             │ 2025-05-23  000000230  Carol Coder            │"
"                                                             │                                               │"
"                                                             │                                               │"
"                                                             │                                               │"
"                                                             │                                               │"
"                                                             │                                               │"
"                                                             │                                               │"
"                                                             │                                               │"
"                                                             │                                               │"
"                                                             │                                               │"
"                                                             │                                               │"
"                                                             ╰───────────────────────────────────────────────╯"
" ↑↓ move  enter open  esc back  ←→ panels  w window  ? help  q quit                                           "
