---
source: crates/commitscape-tui/tests/render.rs
assertion_line: 143
expression: screen(&mut app)
---
" commitscape   acme   58 commits · 4 people · since 31 Jul 2023                    window  30d  90d  1y  all  "
" 1 Overview   2 Activity   3 People   4 Map   5 Hotspots   6 Coupling   7 Ownership   8 Age   9 GitHub        "
"─────╭ Help · Hotspots ────────────────────────────────────────────────────────── ↑↓ scroll · esc close ╮─────"
" A ho│ This screen                                                                                      │the  "
" firs│ Files that change often and are deeply nested. Bugs and slow changes gather in them, so they are │ is  "
" meas│ the first code worth simplifying or covering with tests.                                         │     "
"╭ Hot│                                                                                                  │ile ╮"
"│▌ 1 │ Each row has two bars: blue for how often the file changed in the window, orange for how deeply  │630 │"
"│▌   │ nested it is. Both bars are measured against the largest among the hotspots, so a file with two  │    │"
"│  2 │ long bars is high on both.                                                                       │240 │"
"│    │                                                                                                  │    │"
"│  3 │ Under each file is where it ranks. "The 2nd most changed of 40 files" compares it with the files │120 │"
"│    │ that changed in the window; "the 3rd most nested of 120" compares it with all the code.          │    │"
"│  4 │                                                                                                  │ 42 │"
"│    │ What the words mean                                                                              │    │"
"│    │ Window. The time every number covers: the last 30 days, 90 days, a year, or all of history.      │    │"
"│    │ Press w to change it.                                                                            │    │"
"│    │                                                                                                  │    │"
"│    │ Changes. How many commits in the window changed a file. Merge commits and very large commits     │    │"
"│    │ (over 50 files, such as a reformat) do not count, because they would drown out everything else.  │    │"
"│    │                                                                                                  │    │"
"│    │ Nesting. How deeply indented a file is: the indentation depth of every line, added up. Deeply    │    │"
"│    │ nested code has more branches and loops to follow. It stands in for complexity and works the     │    │"
"│    ╰──────────────────────────────────────────────────────────────────────────────────────────────────╯    │"
"╰────────────────────────────────────────────────────────────────────────────────────────────────────────────╯"
" ↑↓ scroll   esc close                                                                                        "
