---
source: crates/commitscape-tui/tests/render.rs
assertion_line: 92
expression: screen(&mut app)
---
" commitscape  acme · 90d: 2025-04-02 to 2025-07-01 · 47 commits; 1 merge and 1 bulk commit not counted        "
" 1 Overview │ 2 Hotspots │ 3 Coupling │ 4 Ownership │ 5 Staleness │ 6 Code Age │ 7 People                     "
"┌ docs/guide.md ─────────────────────────────────────────────────────────────────────────────────────────────┐"
"│Prose · 3 lines · 26 B                                                                                      │"
"│Churn 3 commits in the last 90 days                                                                         │"
"│First seen 2023-07-31 · last touched 2025-06-22 (8 days ago)                                                │"
"│                                                                                                            │"
"│Who changed it in the last 90 days                                                                          │"
"│  Carol Coder            carol@example.com                    3  100%                                       │"
"│                                                                                                            │"
"│Its commits in the last 90 days, newest first                                                               │"
"│  2025-06-22  000000360  Carol Coder                                                                        │"
"│  2025-06-18  000000330  Carol Coder                                                                        │"
"│  2025-05-23  000000230  Carol Coder                                                                        │"
"│                                                                                                            │"
"│                                                                                                            │"
"│                                                                                                            │"
"│                                                                                                            │"
"│                                                                                                            │"
"│                                                                                                            │"
"│                                                                                                            │"
"│                                                                                                            │"
"│                                                                                                            │"
"│                                                                                                            │"
"└────────────────────────────────────────────────────────────────────────────────────────────────────────────┘"
" ↑↓ move  enter open  esc back  q quit                                           w window  30d [90d] 1y  all  "
