---
source: crates/commitscape-tui/tests/render.rs
assertion_line: 117
expression: screen(&mut app)
---
" commitscape   acme   58 commits · 4 people · since 31 Jul 2023                    window  30d  90d  1y  all  "
" 1 Overview   2 Activity   3 People   4 Map   5 Hotspots   6 Coupling   7 Ownership   8 Age   9 GitHub        "
"──────────────────────────────────────────────────────────────────────────────────────━━━━━───────────────────"
"╭ Files last touched under a month ago ──────────────────────────────────────────────────── enter for a file ╮"
"│ file                                   days   last touched   folder                                        │"
"│▌client.ts                                20     2025-06-10   web/src/                                      │"
"│ handlers.ts                              11     2025-06-19   src/api/                                      │"
"│ guide.md                                  8     2025-06-22   docs/                                         │"
"│                                                                                                            │"
"│                                                                                                            │"
"│                                                                                                            │"
"│                                                                                                            │"
"│                                                                                                            │"
"│                                                                                                            │"
"│                                                                                                            │"
"│                                                                                                            │"
"│                                                                                                            │"
"│                                                                                                            │"
"│                                                                                                            │"
"│                                                                                                            │"
"│                                                                                                            │"
"│                                                                                                            │"
"│                                                                                                            │"
"│                                                                                                            │"
"╰────────────────────────────────────────────────────────────────────────────────────────────────────────────╯"
" ↑↓ move  enter open  esc back  ←→ panels  w window  ? help  q quit                                           "
