---
source: crates/commitscape-tui/tests/render.rs
expression: screen(&mut app)
---
" commitscape   acme   58 commits · 4 people · since 31 Jul 2023                    window  30d  90d  1y  all  "
" 1 Overview   2 Activity   3 People   4 Map   5 Risk                                                          "
"─━━━━━━━━━━───────────────────────────────────────────────────────────────────────────────────────────────────"
" old.rs   src/legacy/                                                                                         "
"                                                                                                              "
"╭──────────────────────────╮╭─────────────────────────╮╭──────────────────────────╮╭─────────────────────────╮"
"│60                        ││90                       ││0                         ││20 months                │"
"│lines                     ││nesting                  ││changes                   ││since last touched       │"
"│590 B                     ││1.5 levels a line        ││in 90 days                ││first seen 31 Jul 2023   │"
"╰──────────────────────────╯╰─────────────────────────╯╰──────────────────────────╯╰─────────────────────────╯"
" Who changed it in 90 days                                   ╭ Its commits in 90 days ───────────────────────╮"
" Nobody, outside merges and bulk commits.                    │ None, outside merges and bulk commits.        │"
"                                                             │                                               │"
"                                                             │                                               │"
"                                                             │                                               │"
"                                                             │                                               │"
"                                                             │                                               │"
"                                                             │                                               │"
"                                                             │                                               │"
"                                                             │                                               │"
"                                                             │                                               │"
"                                                             │                                               │"
"                                                             │                                               │"
"                                                             │                                               │"
"                                                             ╰───────────────────────────────────────────────╯"
" ↑↓ move  enter open  esc back  ←→ panels  w window  ? help  q quit                                           "
