---
source: crates/commitscape-tui/tests/render.rs
assertion_line: 169
expression: screen(&mut app)
---
" commitscape  acme · 1y: 2024-07-01 to 2025-07-01                                                             "
" 1 Overview │ 2 Hotspots │ 3 Coupling │ 4 Ownership │ 5 Staleness │ 6 Code Age │ 7 People                     "
"┌────────────────────────────────────────────────────────────────────────────────────────────────────────────┐"
"│                                                                                                            │"
"│  Reading the rest of history for the last year…                                                            │"
"│                                                                                                            │"
"│                                                                                                            │"
"│                                                                                                            │"
"│                                                                                                            │"
"│                                                                                                            │"
"│                                                                                                            │"
"│                                                                                                            │"
"│                                                                                                            │"
"│                                                                                                            │"
"│                                                                                                            │"
"│                                                                                                            │"
"│                                                                                                            │"
"│                                                                                                            │"
"│                                                                                                            │"
"│                                                                                                            │"
"│                                                                                                            │"
"│                                                                                                            │"
"│                                                                                                            │"
"│                                                                                                            │"
"└────────────────────────────────────────────────────────────────────────────────────────────────────────────┘"
" ↑↓ move  enter open  ←→ panel  q quit                                           w window  30d  90d [1y] all  "
