---
source: crates/commitscape-tui/tests/render.rs
assertion_line: 20
expression: "screen(&mut opened(Span::Quarter))"
---
" commitscape  acme · 90d: 2025-04-02 to 2025-07-01 · 47 commits; 1 merge and 1 bulk commit not counted        "
" 1 Overview │ 2 Hotspots │ 3 Coupling │ 4 Ownership │ 5 Staleness │ 6 Code Age │ 7 People                     "
"┌ Overview ──────────────────────────────────────────────────────────────────────────────────────────────────┐"
"│One person holds 1 of 3 directories with 10 or more commits                                                 │"
"│› src/engine/                          Alice Example           88% of 34 commits                            │"
"│                                                                                                            │"
"│Top hotspot                                                                                                 │"
"│  src/engine/core.rs   churn 34 (p100) · complexity 630 (p100)                                              │"
"│                                                                                                            │"
"│Files in different directories that change together                                                         │"
"│  src/api/handlers.ts  ↔  web/src/client.ts   together in 75% of their commits                              │"
"│                                                                                                            │"
"│Staleness                                                                                                   │"
"│  1 of the 7 files people wrote untouched for a year or more                                                │"
"│                                                                                                            │"
"│People                                                                                                      │"
"│  1 group of people may be one person each. Nothing was merged.                                             │"
"│                                                                                                            │"
"│                                                                                                            │"
"│                                                                                                            │"
"│                                                                                                            │"
"│                                                                                                            │"
"│                                                                                                            │"
"│                                                                                                            │"
"└────────────────────────────────────────────────────────────────────────────────────────────────────────────┘"
" ↑↓ move  enter open  ←→ panel  q quit                                           w window  30d [90d] 1y  all  "
