---
source: crates/commitscape-tui/tests/render.rs
expression: screen(&mut app)
---
" commitscape   acme                                                                window  30d  90d  1y  all  "
" 1 Overview   2 Activity   3 People   4 Map   5 Risk                                                          "
"─━━━━━━━━━━───────────────────────────────────────────────────────────────────────────────────────────────────"
"                                                                                                              "
"                                Reading the rest of history for the last year…                                "
"                                                                                                              "
"                                                                                                              "
"                                                                                                              "
"                                                                                                              "
"                                                                                                              "
"                                                                                                              "
"                                                                                                              "
"                                                                                                              "
"                                                                                                              "
"                                                                                                              "
"                                                                                                              "
"                                                                                                              "
"                                                                                                              "
"                                                                                                              "
"                                                                                                              "
"                                                                                                              "
"                                                                                                              "
"                                                                                                              "
"                                                                                                              "
"                                                                                                              "
" ↑↓ move  enter open  ←→ panels  w window  ? help  q quit                                                     "
