---
source: crates/commitscape-tui/tests/render.rs
assertion_line: 71
expression: "panel('9')"
---
" commitscape   acme   58 commits · 4 people · since 31 Jul 2023                    window  30d  90d  1y  all  "
" 1 Overview   2 Activity   3 People   4 Map   5 Hotspots   6 Coupling   7 Ownership   8 Age   9 GitHub        "
"──────────────────────────────────────────────────────────────────────────────────────────────━━━━━━━━────────"
"                                                                                                              "
"                                                                                                              "
"                                                                                                              "
"                                                                                                              "
"                                                                                                              "
"                                                                                                              "
"                                                                                                              "
"                               GitHub's numbers are not here: not asked in tests                              "
"                                                                                                              "
"                        They come from the GitHub CLI. Install it from cli.github.com,                        "
"                              run gh auth login once, and open commitscape again.                             "
"                                                                                                              "
"                      Repositories on other hosts, such as GitLab, are not supported yet.                     "
"                                                                                                              "
"                                                                                                              "
"                                                                                                              "
"                                                                                                              "
"                                                                                                              "
"                                                                                                              "
"                                                                                                              "
"                                                                                                              "
"                                                                                                              "
" ↑↓ move  ←→ panels  w window  ? help  q quit                                                                 "
