---
source: crates/commitscape-tui/tests/render.rs
expression: screen(&mut app)
---
" commitscape   acme   58 commits · 4 people · since 31 Jul 2023                    window  30d  90d  1y  all  "
" 1 Overview   2 Activity   3 People   4 Map   5 Risk                                                          "
"─────╭ Help · Risk ────────────────────────────────────────────────────────────── ↑↓ scroll · esc close ╮─────"
"╭ Ris│ This screen                                                                                      │pen ╮"
"│ Hot│ Where a change is most likely to hurt, in three lists. Enter opens a row.                        │    │"
"│▌ ◆ │                                                                                                  │    │"
"│  ◆ │ Hotspots: files that change often and are deeply nested. Bugs and slow changes gather in them,   │ed …│"
"│  ◆ │ so they are the first code worth simplifying or testing. "The 2nd most changed of 40 files"      │d o…│"
"│  ◆ │ compares a file with the files that changed in the window; "the 3rd most nested of 120" with all │d o…│"
"│    │ the code.                                                                                        │    │"
"│ Cha│                                                                                                  │    │"
"│  ⇄ │ Change groups: files that keep changing in the same commits, every two of them in at least half  │    │"
"│    │ of the commits that changed either. Files in different folders changing together often depend on │    │"
"│    │ each other in a way nobody wrote down.                                                           │    │"
"│    │                                                                                                  │    │"
"│    │ Knowledge silos: folders only one person committed to in the window. If they left, nobody would  │    │"
"│    │ know the folder. Next to each is who else made the most commits in the nearest folder around it, │    │"
"│    │ who could take it over.                                                                          │    │"
"│    │                                                                                                  │    │"
"│    │ What the words mean                                                                              │    │"
"│    │ Window. The time every number covers: the last 30 days, 90 days, a year, or all of history.      │    │"
"│    │ Press w to change it.                                                                            │    │"
"│    │                                                                                                  │    │"
"│    ╰──────────────────────────────────────────────────────────────────────────────────────────────────╯    │"
"╰────────────────────────────────────────────────────────────────────────────────────────────────────────────╯"
" ↑↓ scroll   esc close                                                                                        "
